                   	seqs	aligns
             total:	6	17
        weird over:	3	9
        kept weird:	3	9
              kept:	6	17
