1	Antigen
2	Repeat
3	Sporozoite
4	Signal
5	Germination
6	Malaria
7	Multigene family
8	Seed storage protein
9	Direct protein sequencing
10	Pyrrolidone carboxylic acid
11	
12	GTP-binding
13	Bile acid catabolism
14	NADP
15	Oxidoreductase
16	Alternative splicing
17	Allergen
