                   	seqs	aligns
             total:	6	17
        weird over:	3	9
     drop minCover:	1	1
      drop overlap:	2	3
        kept weird:	3	8
              kept:	6	13
