#bin	chrom	chromStart	chromEnd	name	alleleCount	alleleFreq	alleleScores	name	chrom	strand	txStart	txEnd	cdsStart	cdsEnd	exonCount	exonStarts	exonEnds	proteinID	alignID	soNumber	soOther0	soOther1	soOther2	soOther3	soOther4	soOther5	soOther6
1817	chr1	161481035	161481036	A/G	2	0,0	100,100	uc021pda.1	chr1	+	161475204	161489360	161475204	161475204	7	161475204,161475776,161476126,161479609,161480623,161483684,161487764,	161475342,161475797,161476497,161479864,161480746,161483722,161489360,		uc021pda.1	1627	uc021pda.1	4					
1817	chr1	161481035	161481036	A/G	2	0,0	100,100	uc021pcz.1	chr1	+	161475204	161489360	161475204	161475204	7	161475204,161475776,161476123,161479609,161480623,161483684,161487764,	161475342,161475797,161476497,161479864,161480746,161483722,161489360,		uc021pcz.1	1627	uc021pcz.1	4					
1817	chr1	161481035	161481036	A/G	2	0,0	100,100	uc001gam.3	chr1	+	161475204	161489360	161475257	161487938	7	161475204,161475776,161476126,161479609,161480623,161483684,161487764,	161475342,161475797,161476381,161479864,161480746,161483722,161489360,	P12318-2	uc001gam.3	1627	uc001gam.3	4					
1817	chr1	161481035	161481036	A/G	2	0,0	100,100	uc001gan.3	chr1	+	161475204	161489360	161475257	161487938	7	161475204,161475776,161476123,161479609,161480623,161483684,161487764,	161475342,161475797,161476381,161479864,161480746,161483722,161489360,	P12318	uc001gan.3	1627	uc001gan.3	4					
#bin	chrom	chromStart	chromEnd	name	alleleCount	alleleFreq	alleleScores	name	chrom	strand	txStart	txEnd	cdsStart	cdsEnd	exonCount	exonStarts	exonEnds	proteinID	alignID	soNumber	soOther0	soOther1	soOther2	soOther3	soOther4	soOther5	soOther6
1816	chr1	161473872	161473873	C/A	2	0,0	100,100																				
#bin	chrom	chromStart	chromEnd	name	alleleCount	alleleFreq	alleleScores	name	chrom	strand	txStart	txEnd	cdsStart	cdsEnd	exonCount	exonStarts	exonEnds	proteinID	alignID	soNumber	soOther0	soOther1	soOther2	soOther3	soOther4	soOther5	soOther6
1816	chr1	161476203	161476204	T/C	2	0,0	100,100	uc021pda.1	chr1	+	161475204	161489360	161475204	161475204	7	161475204,161475776,161476126,161479609,161480623,161483684,161487764,	161475342,161475797,161476497,161479864,161480746,161483722,161489360,		uc021pda.1	0							
1816	chr1	161476203	161476204	T/C	2	0,0	100,100	uc021pcz.1	chr1	+	161475204	161489360	161475204	161475204	7	161475204,161475776,161476123,161479609,161480623,161483684,161487764,	161475342,161475797,161476497,161479864,161480746,161483722,161489360,		uc021pcz.1	0							
1816	chr1	161476203	161476204	T/C	2	0,0	100,100	uc001gam.3	chr1	+	161475204	161489360	161475257	161487938	7	161475204,161475776,161476126,161479609,161480623,161483684,161487764,	161475342,161475797,161476381,161479864,161480746,161483722,161489360,	P12318-2	uc001gam.3	1818	uc001gam.3	2	236	183	61	Q > Z	CAG > TAG
1816	chr1	161476203	161476204	T/C	2	0,0	100,100	uc001gan.3	chr1	+	161475204	161489360	161475257	161487938	7	161475204,161475776,161476123,161479609,161480623,161483684,161487764,	161475342,161475797,161476381,161479864,161480746,161483722,161489360,	P12318	uc001gan.3	1818	uc001gan.3	2	239	186	62	Q > Z	CAG > TAG
1816	chr1	161476204	161476205	G/A	2	0,0	100,100	uc021pda.1	chr1	+	161475204	161489360	161475204	161475204	7	161475204,161475776,161476126,161479609,161480623,161483684,161487764,	161475342,161475797,161476497,161479864,161480746,161483722,161489360,		uc021pda.1	0							
1816	chr1	161476204	161476205	G/A	2	0,0	100,100	uc021pcz.1	chr1	+	161475204	161489360	161475204	161475204	7	161475204,161475776,161476123,161479609,161480623,161483684,161487764,	161475342,161475797,161476497,161479864,161480746,161483722,161489360,		uc021pcz.1	0							
1816	chr1	161476204	161476205	G/A	2	0,0	100,100	uc001gam.3	chr1	+	161475204	161489360	161475257	161487938	7	161475204,161475776,161476126,161479609,161480623,161483684,161487764,	161475342,161475797,161476381,161479864,161480746,161483722,161489360,	P12318-2	uc001gam.3	1818	uc001gam.3	2	237	184	61	Q > R	CAG > CGG
1816	chr1	161476204	161476205	G/A	2	0,0	100,100	uc001gan.3	chr1	+	161475204	161489360	161475257	161487938	7	161475204,161475776,161476123,161479609,161480623,161483684,161487764,	161475342,161475797,161476381,161479864,161480746,161483722,161489360,	P12318	uc001gan.3	1818	uc001gan.3	2	240	187	62	Q > R	CAG > CGG
#bin	chrom	chromStart	chromEnd	name	alleleCount	alleleFreq	alleleScores	name	chrom	strand	txStart	txEnd	cdsStart	cdsEnd	exonCount	exonStarts	exonEnds	proteinID	alignID	soNumber	soOther0	soOther1	soOther2	soOther3	soOther4	soOther5	soOther6
716	chr22	17264564	17264565	T	1	0	100	uc011agf.2	chr22	-	17264305	17302584	17264508	17288963	4	17264305,17280660,17288628,17302496,	17265299,17280914,17288976,17302584,	Q5GH77	uc011agf.2	1818	uc011agf.2	4	1424	1323	441	H > N	CAC > AAC
716	chr22	17264564	17264565	T	1	0	100	uc002zlv.3	chr22	-	17264305	17302584	17264508	17288963	4	17264305,17280660,17288628,17302496,	17265299,17280914,17288973,17302584,	Q5GH77	uc002zlv.3	1818	uc002zlv.3	4	1421	1323	441	H > N	CAC > AAC
#bin	chrom	chromStart	chromEnd	name	alleleCount	alleleFreq	alleleScores	name	chrom	strand	txStart	txEnd	cdsStart	cdsEnd	exonCount	exonStarts	exonEnds	proteinID	alignID	soNumber	soOther0	soOther1	soOther2	soOther3	soOther4	soOther5	soOther6
716	chr22	17264903	17264904	G/A	2	0,0	100,100	uc011agf.2	chr22	-	17264305	17302584	17264508	17288963	4	17264305,17280660,17288628,17302496,	17265299,17280914,17288976,17302584,	Q5GH77	uc011agf.2	1819	uc011agf.2	4	1085	984	0		TTG > CTG
716	chr22	17264903	17264904	G/A	2	0,0	100,100	uc002zlv.3	chr22	-	17264305	17302584	17264508	17288963	4	17264305,17280660,17288628,17302496,	17265299,17280914,17288973,17302584,	Q5GH77	uc002zlv.3	1819	uc002zlv.3	4	1082	984	0		TTG > CTG
#bin	chrom	chromStart	chromEnd	name	alleleCount	alleleFreq	alleleScores	name	chrom	strand	txStart	txEnd	cdsStart	cdsEnd	exonCount	exonStarts	exonEnds	proteinID	alignID	soNumber	soOther0	soOther1	soOther2	soOther3	soOther4	soOther5	soOther6
751	chr1	21806618	21806621	CTG/TTT	2	21,29	126,126	uc010odm.2	chr1	+	21766630	21811393	21771579	21809879	14	21766630,21771440,21797124,21798061,21799335,21799872,21801392,21804636,21805841,21806543,21807422,21808089,21808976,21809635,	21766841,21771712,21797227,21798276,21799408,21800078,21801444,21804800,21805893,21806716,21807474,21808262,21809028,21811393,	Q9H094	uc010odm.2	1818	uc010odm.2	9	1423	1073	358	F > C	CCT > CCC,TTT > TGT
751	chr1	21806618	21806621	CTG/TTT	2	21,29	126,126	uc009vqb.3	chr1	+	21766630	21811393	21771579	21809879	15	21766630,21771440,21795180,21797124,21798061,21799335,21799872,21801392,21804561,21805841,21806543,21807422,21808089,21808976,21809635,	21766841,21771712,21795390,21797227,21798276,21799408,21800078,21801444,21804689,21805893,21806716,21807474,21808262,21809028,21811393,	Q9H094-3	uc009vqb.3	1818	uc009vqb.3	10	1597	1247	416	F > C	CCT > CCC,TTT > TGT
751	chr1	21806618	21806621	CTG/TTT	2	21,29	126,126	uc001bes.3	chr1	+	21766630	21811393	21795215	21809879	18	21766630,21771440,21792579,21793488,21794933,21795180,21797124,21798061,21799335,21799872,21801392,21804636,21805841,21806543,21807422,21808089,21808976,21809635,	21766841,21771712,21792649,21793802,21795078,21795390,21797227,21798276,21799408,21800078,21801444,21804800,21805893,21806716,21807474,21808262,21809028,21811393,	Q9H094	uc001bes.3	1818	uc001bes.3	13	2162	1115	372	F > C	CCT > CCC,TTT > TGT
751	chr1	21806618	21806621	CTG/TTT	2	21,29	126,126	uc001ber.3	chr1	+	21766630	21811393	21771579	21809879	15	21766630,21771440,21795180,21797124,21798061,21799335,21799872,21801392,21804636,21805841,21806543,21807422,21808089,21808976,21809635,	21766841,21771712,21795390,21797227,21798276,21799408,21800078,21801444,21804800,21805893,21806716,21807474,21808262,21809028,21811393,	Q9H094	uc001ber.3	1818	uc001ber.3	10	1633	1283	428	F > C	CCT > CCC,TTT > TGT
#bin	chrom	chromStart	chromEnd	name	alleleCount	alleleFreq	alleleScores	name	chrom	strand	txStart	txEnd	cdsStart	cdsEnd	exonCount	exonStarts	exonEnds	proteinID	alignID	soNumber	soOther0	soOther1	soOther2	soOther3	soOther4	soOther5	soOther6
1730	chr1	150199050	150199056	TTCCTC/-	2	10,20	65,120	uc010pbw.1	chr1	-	150198939	150208504	150198956	150208134	4	150198939,150202905,150204114,150208080,	150199127,150203028,150204264,150208504,	E9PLC4	uc010pbw.1	1651	uc010pbw.1	4	768	398	132	R > X,R > X,K > X	AGG > AG-,AGG > ---,AAG > --G
1730	chr1	150199050	150199056	TTCCTC/-	2	10,20	65,120	uc001etv.4	chr1	-	150190722	150208504	150192992	150208134	7	150190722,150195511,150198939,150201404,150202905,150204114,150208080,	150193060,150195566,150199127,150201570,150203028,150204264,150208504,	Q9BTT0	uc001etv.4	1651	uc001etv.4	5	934	564	188	E > X,E > X	GAG > ---,GAA > ---
1730	chr1	150199050	150199056	TTCCTC/-	2	10,20	65,120	uc010pbv.2	chr1	-	150190716	150208504	150192992	150208134	6	150190716,150195511,150198939,150201404,150204114,150208080,	150193063,150195566,150199127,150201570,150204264,150208504,	E9PEA6	uc010pbv.2	1651	uc010pbv.2	4	811	441	147	E > X,E > X	GAG > ---,GAA > ---
1730	chr1	150199050	150199056	TTCCTC/-	2	10,20	65,120	uc001etw.3	chr1	-	150190716	150208504	150192992	150208134	7	150190716,150195511,150198939,150201404,150202905,150204114,150208080,	150193063,150195566,150199127,150201570,150203028,150204264,150208504,	Q9BTT0	uc001etw.3	1651	uc001etw.3	5	934	564	188	E > X,E > X	GAG > ---,GAA > ---
1730	chr1	150199050	150199056	TTCCTC/-	2	10,20	65,120	uc010pbu.2	chr1	-	150190716	150207026	150192992	150204174	7	150190716,150195511,150198939,150201404,150202905,150204114,150206926,	150193063,150195566,150199127,150201570,150203028,150204264,150207026,	NP_001129951	uc010pbu.2	1651	uc010pbu.2	5	610	420	140	E > X,E > X	GAG > ---,GAA > ---
1730	chr1	150199050	150199056	TTCCTC/-	2	10,20	65,120	uc010pbt.2	chr1	-	150190716	150199127	150190716	150190716	2	150190716,150198939,	150193063,150199127,		uc010pbt.2	0							
