                   	seqs	aligns
             total:	31	473
        weird over:	5	17
    drop localBest:	25	333
        kept weird:	3	7
              kept:	31	140
