test.bed3CTCBad has 1 records with chrom not described in chromInfo.
test.bed3CTCBad item chrFake:3-1 chrFake:2-1: chromEnd < chromStart
test.bed3CTCBad item chrFake:31-3000 chrFake:30-3000: chromEnd > chromSize 1000
test.bed3CTCBad has 1 records with end < start.
test.bed3CTCBad has 1 records with end > chromSize.
