test.bed4CTCBad has 1 records with chrom not described in chromInfo.
test.bed4CTCBad item endLTStart chrFake:2-1: chromEnd < chromStart
test.bed4CTCBad item endGTChrom chrFake:30-3000: chromEnd > chromSize 1000
test.bed4CTCBad has 1 records with end < start.
test.bed4CTCBad has 1 records with end > chromSize.
