                   	seqs	aligns
             total:	31	473
        weird over:	5	17
   drop globalBest:	29	396
        kept weird:	2	3
              kept:	31	77
