                   	seqs	aligns
             total:	6	17
        weird over:	3	9
        drop weird:	3	6
        kept weird:	3	3
              kept:	6	11
