P19084	HAG3
P32234	128up
P32234	GTP-bp
P15455	CRA1
P15455	At5g44120
P15455	MLN1.4
P15456	CRB
P15456	At1g03880
P15456	F21M11.19
O23878	FA02
O23880	FA18
Q9XFM4	FAGAG1
