                   	seqs	aligns
             total:	1	11
        weird over:	1	5
    drop localBest:	1	10
        kept weird:	1	1
              kept:	1	1
